很高兴认识你！看起来我们有很多共同的音乐品味。你喜欢听流行音乐吗？最近我也在听周杰伦的歌，他的《青花瓷》和《稻香》是我最喜欢的两首歌。你喜欢哪一首呢？

另外，我也非常喜欢小猫，尤其是布偶猫。它们的毛发柔软，性格温和，是非常棒的宠物。你有没有养过小猫？如果有，我可以跟你分享一些照顾它们的技巧。